FAILED: IllegalArgumentException Parameter index not found
